#-----------------------------------------------------------
# Vivado v2017.3 (64-bit)
# SW Build 2018833 on Wed Oct  4 19:58:22 MDT 2017
# IP Build 2016188 on Wed Oct  4 21:52:56 MDT 2017
# Start of session at: Wed Mar 31 19:23:32 2021
# Process ID: 11684
# Current directory: C:/Users/dawid/Desktop/Studia/Basys3_Screen_controllingby_VGA/LAB_4/draw_rect
# Command line: vivado.exe -mode tcl -source run.tcl -tclargs simulation
# Log file: C:/Users/dawid/Desktop/Studia/Basys3_Screen_controllingby_VGA/LAB_4/draw_rect/vivado.log
# Journal file: C:/Users/dawid/Desktop/Studia/Basys3_Screen_controllingby_VGA/LAB_4/draw_rect\vivado.jou
#-----------------------------------------------------------
source run.tcl
source draw_rect_ctl_test.tcl
restart
update_compile_order -fileset sources_1
run 20 us
run 20 us
close_sim
launch_simulation
source draw_rect_ctl_test.tcl
add_wave {{/draw_rect_ctl_test/my_draw_rect_ctl_tb/mouse_xpos}} {{/draw_rect_ctl_test/my_draw_rect_ctl_tb/mouse_ypos}} {{/draw_rect_ctl_test/my_draw_rect_ctl_tb/xpos_nxt}} 
restart
run 20 us
close_sim
launch_simulation
source draw_rect_ctl_test.tcl
run all
restart
run all
close_sim
launch_simulation
source draw_rect_ctl_test.tcl
run all
restart
run all
close_sim
launch_simulation
source draw_rect_ctl_test.tcl
restart
run all
close_sim
launch_simulation
source draw_rect_ctl_test.tcl
run all
close_sim
launch_simulation
source draw_rect_ctl_test.tcl
run all
restart
run all
close_sim
